Microchip MPLAB XC8 Compiler V2.41

Linker command line:

-W-3 --edf=/opt/microchip/xc8/v2.41/pic/dat/20230208172133_en.msgs -cn \
  -h+dist/default/production/tarea_juego.X.production.sym \
  --cmf=dist/default/production/tarea_juego.X.production.cmf -z -Q18F4550 \
  -o/tmp/xcXCIAPcb/driver_tmp_3.o --defsym=__MPLAB_BUILD=1 \
  --fixupoverflow=error \
  -Mdist/default/production/tarea_juego.X.production.map \
  --md=/tmp/xcXCIAPcb/driver_tmp_0.dat -E1 -ver=XC8 Compiler --acfsm=1493 \
  -ACODE=00h-07FFFh -ACONST=00h-07FFFh -ASMALLCONST=0800h-08FFhx120 \
  -AMEDIUMCONST=0800h-07FFFh -ACOMRAM=01h-05Fh -AABS1=00h-07FFh \
  -ABIGRAM=01h-07FFh -ARAM=060h-0FFh,0100h-01FFhx7 -ABANK0=060h-0FFh \
  -ABANK1=0100h-01FFh -ABANK2=0200h-02FFh -ABANK3=0300h-03FFh \
  -ABANK4=0400h-04FFh -ABANK5=0500h-05FFh -ABANK6=0600h-06FFh \
  -ABANK7=0700h-07FFh -ASFR=0F60h-0FFFh -ABIGSFR=0F60h-0FFFh \
  -ACONFIG=0300000h-030000Dh -AIDLOC=0200000h-0200007h \
  -AEEDATA=0F00000h-0F000FFh -peeprom_data=EEDATA \
  -preset_vec=00h,intcode=08h,intcodelo,powerup,init -pramtop=0800h \
  -psmallconst=SMALLCONST -pmediumconst=MEDIUMCONST -pconst=CONST \
  -AFARRAM=00h-00h \
  -prdata=COMRAM,nvrram=COMRAM,nvbit=COMRAM,rbss=COMRAM,rbit=COMRAM \
  -pfarbss=FARRAM,fardata=FARRAM,nvFARRAM=FARRAM \
  -pintsave_regs=BIGRAM,bigbss=BIGRAM,bigdata=BIGRAM -pbss=RAM \
  -pidata=CODE,irdata=CODE,ibigdata=CODE,ifardata=CODE -prparam=COMRAM \
  /tmp/xcXCIAPcb/driver_tmp_9.o \
  dist/default/production/tarea_juego.X.production.o 

Object code version is 3.11

Machine type is 18F4550



                Name                               Link     Load   Length Selector   Space Scale
/tmp/xcXCIAPcb/driver_tmp_9.o
                idloc                            200000   200000        8        0       5
                config                           300000   300000        E        0       4
                init                                  E        E        4        4       0
                reset_vec                             0        0        4        0       0
dist/default/production/tarea_juego.X.production.o
                intcode                               8        8        6        4       0
                idloc                            200000   200000        8        0       5
                config                           300000   300000        E        0       4
                temp                                 57       57        1        1       1
                smallconst                          800      800       A0      400       0
                text41                             23EA     23EA       64      450       0
                text40                             2614     2614       38      450       0
                text39                             283C     283C        C      450       0
                intcode_body                       2052     2052       A0      450       0
                text37                             1D78     1D78       C4      450       0
                text36                             1EFE     1EFE       B0      450       0
                text35                             24F8     24F8       52      450       0
                text34                             26E0     26E0       28      450       0
                text33                             27C4     27C4       16      450       0
                text32                             244E     244E       58      450       0
                text31                             2598     2598       42      450       0
                text30                             27AE     27AE       16      450       0
                text29                             1E3C     1E3C       C2      450       0
                text28                             2318     2318       6A      450       0
                text27                             22AC     22AC       6C      450       0
                text26                             2812     2812       12      450       0
                text25                             20F2     20F2       9E      450       0
                text24                             2800     2800       12      450       0
                text23                             26B0     26B0       30      450       0
                text22                             2830     2830        C      450       0
                text21                             2798     2798       16      450       0
                text20                             24A6     24A6       52      450       0
                text19                             1FAE     1FAE       A4      450       0
                text18                             2224     2224       88      450       0
                text17                             2754     2754       26      450       0
                text16                             254A     254A       4E      450       0
                text15                              8A0      8A0      7D0      450       0
                text14                             272E     272E       26      450       0
                text13                             18CA     18CA      1F4      450       0
                text12                             2848     2848        A      450       0
                text11                             27DA     27DA       14      450       0
                text10                             2708     2708       26      450       0
                text9                              267E     267E       32      450       0
                text8                              277A     277A       1E      450       0
                text7                              25DA     25DA       3A      450       0
                text6                              1070     1070      4C0      450       0
                text5                              1530     1530      39A      450       0
                text4                              1C72     1C72      106      450       0
                text3                              1ABE     1ABE      1B4      450       0
                text2                              2190     2190       94      450       0
                text1                              264C     264C       32      450       0
                text0                              2824     2824        C      450       0
                cstackCOMRAM                          1        1       3F        1       1
                cstackBANK0                          60       60       3D       60       1
                dataBANK0                            9D       9D       12       60       1
                bssBANK0                             AF       AF        6       60       1
                dataCOMRAM                           4D       4D        8        1       1
                bssCOMRAM                            40       40        D        1       1
                cinit                              2382     2382       68      450       0
                nvBANK0                              B5       B5        2       60       1
                nvCOMRAM                             55       55        2        1       1
                idataBANK0                         27EE     27EE       12      450       0
                idataCOMRAM                        2852     2852        8      450       0

TOTAL           Name                               Link     Load   Length     Space
        CLASS   CODE           
                intcode                               8        8        6         0
                init                                  E        E        4         0
                reset_vec                             0        0        4         0
                text41                             23EA     23EA       64         0
                text40                             2614     2614       38         0
                text39                             283C     283C        C         0
                intcode_body                       2052     2052       A0         0
                text37                             1D78     1D78       C4         0
                text36                             1EFE     1EFE       B0         0
                text35                             24F8     24F8       52         0
                text34                             26E0     26E0       28         0
                text33                             27C4     27C4       16         0
                text32                             244E     244E       58         0
                text31                             2598     2598       42         0
                text30                             27AE     27AE       16         0
                text29                             1E3C     1E3C       C2         0
                text28                             2318     2318       6A         0
                text27                             22AC     22AC       6C         0
                text26                             2812     2812       12         0
                text25                             20F2     20F2       9E         0
                text24                             2800     2800       12         0
                text23                             26B0     26B0       30         0
                text22                             2830     2830        C         0
                text21                             2798     2798       16         0
                text20                             24A6     24A6       52         0
                text19                             1FAE     1FAE       A4         0
                text18                             2224     2224       88         0
                text17                             2754     2754       26         0
                text16                             254A     254A       4E         0
                text15                              8A0      8A0      7D0         0
                text14                             272E     272E       26         0
                text13                             18CA     18CA      1F4         0
                text12                             2848     2848        A         0
                text11                             27DA     27DA       14         0
                text10                             2708     2708       26         0
                text9                              267E     267E       32         0
                text8                              277A     277A       1E         0
                text7                              25DA     25DA       3A         0
                text6                              1070     1070      4C0         0
                text5                              1530     1530      39A         0
                text4                              1C72     1C72      106         0
                text3                              1ABE     1ABE      1B4         0
                text2                              2190     2190       94         0
                text1                              264C     264C       32         0
                text0                              2824     2824        C         0
                cinit                              2382     2382       68         0
                idataBANK0                         27EE     27EE       12         0
                idataCOMRAM                        2852     2852        8         0

        CLASS   CONST          

        CLASS   SMALLCONST     
                smallconst                          800      800       A0         0

        CLASS   MEDIUMCONST    

        CLASS   COMRAM         
                temp                                 57       57        1         1
                cstackCOMRAM                          1        1       3F         1
                dataCOMRAM                           4D       4D        8         1
                bssCOMRAM                            40       40        D         1
                nvCOMRAM                             55       55        2         1

        CLASS   ABS1           

        CLASS   BIGRAM         

        CLASS   RAM            

        CLASS   BANK0          
                cstackBANK0                          60       60       3D         1
                dataBANK0                            9D       9D       12         1
                bssBANK0                             AF       AF        6         1
                nvBANK0                              B5       B5        2         1

        CLASS   BANK1          

        CLASS   BANK2          

        CLASS   BANK3          

        CLASS   BANK4          

        CLASS   BANK5          

        CLASS   BANK6          

        CLASS   BANK7          

        CLASS   SFR            

        CLASS   BIGSFR         

        CLASS   CONFIG         
                config                           300000   300000        E         4

        CLASS   IDLOC          
                idloc                            200000   200000        8         5

        CLASS   EEDATA         

        CLASS   FARRAM         

        CLASS   HEAP           

        CLASS   STACK          



SEGMENTS        Name                           Load    Length   Top    Selector   Space  Class

                reset_vec                      000000  000004  000004         0       0  CODE    
                cstackCOMRAM                   000001  000057  000058         1       1  COMRAM  
                cstackBANK0                    000060  000057  0000B7        60       1  BANK0   
                text15                         0008A0  001FBA  00285A       450       0  CODE    
                intcode                        000008  00000A  000012         4       0  CODE    
                smallconst                     000800  0000A0  0008A0       400       0  SMALLCON


UNUSED ADDRESS RANGES

        Name                Unused          Largest block    Delta
        BANK0            0000B7-0000FF               49
        BANK1            000100-0001FF              100
        BANK2            000200-0002FF              100
        BANK3            000300-0003FF              100
        BANK4            000400-0004FF              100
        BANK5            000500-0005FF              100
        BANK6            000600-0006FF              100
        BANK7            000700-0007FF              100
        BIGRAM           000058-00005F                8
                         0000B7-0007FF              749
        BIGSFR           000F60-000FFF               A0
        CODE             000004-000007                4
                         000012-0007FF              7EE
                         00285A-007FFF             57A6
        COMRAM           000058-00005F                8
        CONST            000004-000007                4
                         000012-0007FF              7EE
                         00285A-007FFF             57A6
        EEDATA           F00000-F000FF              100
        MEDIUMCONST      00285A-007FFF             57A6
        RAM              0000B7-0007FF              100
        SFR              000F60-000FFF               A0
        SMALLCONST       00285A-007FFF              100

                                  Symbol Table

?___awdiv                         cstackCOMRAM 000009
?___awmod                         cstackCOMRAM 000009
?___fladd                         cstackCOMRAM 000030
?___fldiv                         cstackCOMRAM 000017
?___fltol                         cstackCOMRAM 000009
?___lldiv                         cstackCOMRAM 000009
?___llmod                         cstackCOMRAM 000009
?___lmul                          cstackCOMRAM 000009
?___wmul                          cstackCOMRAM 000009
?___xxtofl                        cstackCOMRAM 000009
?_get_tick                        cstackCOMRAM 000009
?_rand                            cstackCOMRAM 000015
?_strlen                          cstackCOMRAM 000009
?_xprintf                         cstackCOMRAM 000020
_ADCON0                           (abs)        000FC2
_ADCON0bits                       (abs)        000FC2
_ADCON1                           (abs)        000FC1
_ADCON1bits                       (abs)        000FC1
_ADCON2bits                       (abs)        000FC0
_ADRESH                           (abs)        000FC4
_ADRESL                           (abs)        000FC3
_CCP1CON                          (abs)        000FBD
_CMCON                            (abs)        000FB4
_CREN                             (abs)        007D5C
_GIE                              (abs)        007F97
_INTCON2                          (abs)        000FF1
_INTCON3bits                      (abs)        000FF0
_INTCONbits                       (abs)        000FF2
_LATA                             (abs)        000F89
_LATAbits                         (abs)        000F89
_LATD                             (abs)        000F8C
_LATEbits                         (abs)        000F8D
_OSCCON                           (abs)        000FD3
_PEIE                             (abs)        007F96
_PIR1bits                         (abs)        000F9E
_PORTA                            (abs)        000F80
_PORTB                            (abs)        000F81
_PORTBbits                        (abs)        000F81
_PORTC                            (abs)        000F82
_PORTD                            (abs)        000F83
_PORTE                            (abs)        000F84
_RCIF                             (abs)        007CF5
_RCREG                            (abs)        000FAE
_RCSTA                            (abs)        000FAB
_RCSTAbits                        (abs)        000FAB
_SPBRG                            (abs)        000FAF
_T0CON                            (abs)        000FD5
_T1CON                            (abs)        000FCD
_TMR0                             (abs)        000FD6
_TMR0IE                           (abs)        007F95
_TMR0IF                           (abs)        007F92
_TMR0ON                           (abs)        007EAF
_TMR1                             (abs)        000FCE
_TMR1IE                           (abs)        007CE8
_TMR1IF                           (abs)        007CF0
_TMR1ON                           (abs)        007E68
_TRISA                            (abs)        000F92
_TRISB                            (abs)        000F93
_TRISC6                           (abs)        007CA6
_TRISC7                           (abs)        007CA7
_TRISCbits                        (abs)        000F94
_TRISD                            (abs)        000F95
_TRISE                            (abs)        000F96
_TXIF                             (abs)        007CF4
_TXREG                            (abs)        000FAD
_TXSTA                            (abs)        000FAC
_UCON                             (abs)        000F6D
__HRAM                            (abs)        000000
__H__absolute__                   __absolute__ 000000
__Habs1                           abs1         000000
__Hbank0                          bank0        000000
__Hbank1                          bank1        000000
__Hbank2                          bank2        000000
__Hbank3                          bank3        000000
__Hbank4                          bank4        000000
__Hbank5                          bank5        000000
__Hbank6                          bank6        000000
__Hbank7                          bank7        000000
__Hbigbss                         bigbss       000000
__Hbigdata                        bigdata      000000
__Hbigram                         bigram       000000
__Hbigsfr                         bigsfr       000000
__Hbss                            bss          000000
__HbssBANK0                       bssBANK0     000000
__HbssCOMRAM                      bssCOMRAM    000000
__Hcinit                          cinit        000000
__Hclrtext                        clrtext      000000
__Hcomram                         comram       000000
__Hconfig                         config       30000E
__Hconst                          const        000000
__HcstackBANK0                    cstackBANK0  000000
__HcstackCOMRAM                   cstackCOMRAM 000000
__Hdata                           data         000000
__HdataBANK0                      dataBANK0    000000
__HdataCOMRAM                     dataCOMRAM   000000
__Heeprom_data                    eeprom_data  000000
__Hfarbss                         farbss       000000
__Hfardata                        fardata      000000
__Hheap                           heap         000000
__Hibigdata                       ibigdata     000000
__Hidata                          idata        000000
__HidataBANK0                     idataBANK0   000000
__HidataCOMRAM                    idataCOMRAM  000000
__Hidloc                          idloc        200008
__Hifardata                       ifardata     000000
__Hinit                           init         000012
__Hintcode                        intcode      00000E
__Hintcode_body                   intcode_body 000000
__Hintcodelo                      intcodelo    00000E
__Hintentry                       intentry     000000
__Hintret                         intret       000000
__Hintsave_regs                   intsave_regs 000000
__Hirdata                         irdata       000000
__Hmediumconst                    mediumconst  000000
__HnvBANK0                        nvBANK0      000000
__HnvCOMRAM                       nvCOMRAM     000000
__HnvFARRAM                       nvFARRAM     000000
__Hnvbit                          nvbit        000000
__Hnvrram                         nvrram       000000
__Hparam                          rparam       000000
__Hpowerup                        powerup      00000E
__Hram                            ram          000000
__Hramtop                         ramtop       000800
__Hrbit                           rbit         000000
__Hrbss                           rbss         000000
__Hrdata                          rdata        000000
__Hreset_vec                      reset_vec    000004
__Hrparam                         rparam       000000
__Hsfr                            sfr          000000
__Hsmallconst                     smallconst   0008A0
__Hspace_0                        (abs)        00285A
__Hspace_1                        (abs)        0000B7
__Hspace_2                        (abs)        000000
__Hspace_4                        (abs)        60000E
__Hstack                          stack        000000
__Hstruct                         struct       000000
__Htemp                           temp         000058
__Htext                           text         000000
__Htext0                          text0        000000
__Htext1                          text1        000000
__Htext10                         text10       000000
__Htext11                         text11       000000
__Htext12                         text12       000000
__Htext13                         text13       000000
__Htext14                         text14       000000
__Htext15                         text15       000000
__Htext16                         text16       000000
__Htext17                         text17       000000
__Htext18                         text18       000000
__Htext19                         text19       000000
__Htext2                          text2        000000
__Htext20                         text20       000000
__Htext21                         text21       000000
__Htext22                         text22       000000
__Htext23                         text23       000000
__Htext24                         text24       000000
__Htext25                         text25       000000
__Htext26                         text26       000000
__Htext27                         text27       000000
__Htext28                         text28       000000
__Htext29                         text29       000000
__Htext3                          text3        000000
__Htext30                         text30       000000
__Htext31                         text31       000000
__Htext32                         text32       000000
__Htext33                         text33       000000
__Htext34                         text34       000000
__Htext35                         text35       000000
__Htext36                         text36       000000
__Htext37                         text37       000000
__Htext39                         text39       000000
__Htext4                          text4        000000
__Htext40                         text40       000000
__Htext41                         text41       000000
__Htext42                         text42       000000
__Htext5                          text5        000000
__Htext6                          text6        000000
__Htext7                          text7        000000
__Htext8                          text8        000000
__Htext9                          text9        000000
__LRAM                            (abs)        000001
__L__absolute__                   __absolute__ 000000
__Labs1                           abs1         000000
__Lbank0                          bank0        000000
__Lbank1                          bank1        000000
__Lbank2                          bank2        000000
__Lbank3                          bank3        000000
__Lbank4                          bank4        000000
__Lbank5                          bank5        000000
__Lbank6                          bank6        000000
__Lbank7                          bank7        000000
__Lbigbss                         bigbss       000000
__Lbigdata                        bigdata      000000
__Lbigram                         bigram       000000
__Lbigsfr                         bigsfr       000000
__Lbss                            bss          000000
__LbssBANK0                       bssBANK0     000000
__LbssCOMRAM                      bssCOMRAM    000000
__Lcinit                          cinit        000000
__Lclrtext                        clrtext      000000
__Lcomram                         comram       000000
__Lconfig                         config       000000
__Lconst                          const        000000
__LcstackBANK0                    cstackBANK0  000000
__LcstackCOMRAM                   cstackCOMRAM 000000
__Ldata                           data         000000
__LdataBANK0                      dataBANK0    000000
__LdataCOMRAM                     dataCOMRAM   000000
__Leeprom_data                    eeprom_data  000000
__Lfarbss                         farbss       000000
__Lfardata                        fardata      000000
__Lheap                           heap         000000
__Libigdata                       ibigdata     000000
__Lidata                          idata        000000
__LidataBANK0                     idataBANK0   000000
__LidataCOMRAM                    idataCOMRAM  000000
__Lidloc                          idloc        000000
__Lifardata                       ifardata     000000
__Linit                           init         00000E
__Lintcode                        intcode      000008
__Lintcode_body                   intcode_body 000000
__Lintcodelo                      intcodelo    00000E
__Lintentry                       intentry     000000
__Lintret                         intret       000000
__Lintsave_regs                   intsave_regs 000000
__Lirdata                         irdata       000000
__Lmediumconst                    mediumconst  000000
__LnvBANK0                        nvBANK0      000000
__LnvCOMRAM                       nvCOMRAM     000000
__LnvFARRAM                       nvFARRAM     000000
__Lnvbit                          nvbit        000000
__Lnvrram                         nvrram       000000
__Lparam                          rparam       000000
__Lpowerup                        powerup      00000E
__Lram                            ram          000000
__Lramtop                         ramtop       000800
__Lrbit                           rbit         000000
__Lrbss                           rbss         000000
__Lrdata                          rdata        000000
__Lreset_vec                      reset_vec    000000
__Lrparam                         rparam       000000
__Lsfr                            sfr          000000
__Lsmallconst                     smallconst   000800
__Lspace_0                        (abs)        000000
__Lspace_1                        (abs)        000000
__Lspace_2                        (abs)        000000
__Lspace_4                        (abs)        000000
__Lstack                          stack        000000
__Lstruct                         struct       000000
__Ltemp                           temp         000057
__Ltext                           text         000000
__Ltext0                          text0        000000
__Ltext1                          text1        000000
__Ltext10                         text10       000000
__Ltext11                         text11       000000
__Ltext12                         text12       000000
__Ltext13                         text13       000000
__Ltext14                         text14       000000
__Ltext15                         text15       000000
__Ltext16                         text16       000000
__Ltext17                         text17       000000
__Ltext18                         text18       000000
__Ltext19                         text19       000000
__Ltext2                          text2        000000
__Ltext20                         text20       000000
__Ltext21                         text21       000000
__Ltext22                         text22       000000
__Ltext23                         text23       000000
__Ltext24                         text24       000000
__Ltext25                         text25       000000
__Ltext26                         text26       000000
__Ltext27                         text27       000000
__Ltext28                         text28       000000
__Ltext29                         text29       000000
__Ltext3                          text3        000000
__Ltext30                         text30       000000
__Ltext31                         text31       000000
__Ltext32                         text32       000000
__Ltext33                         text33       000000
__Ltext34                         text34       000000
__Ltext35                         text35       000000
__Ltext36                         text36       000000
__Ltext37                         text37       000000
__Ltext39                         text39       000000
__Ltext4                          text4        000000
__Ltext40                         text40       000000
__Ltext41                         text41       000000
__Ltext42                         text42       000000
__Ltext5                          text5        000000
__Ltext6                          text6        000000
__Ltext7                          text7        000000
__Ltext8                          text8        000000
__Ltext9                          text9        000000
__S0                              (abs)        00285A
__S1                              (abs)        0000B7
__S4                              (abs)        000000
__S5                              (abs)        000000
___awdiv                          text37       001D78
___awdiv@counter                  cstackCOMRAM 00000D
___awdiv@dividend                 cstackCOMRAM 000009
___awdiv@divisor                  cstackCOMRAM 00000B
___awdiv@quotient                 cstackCOMRAM 00000F
___awdiv@sign                     cstackCOMRAM 00000E
___awmod                          text36       001EFE
___awmod@counter                  cstackCOMRAM 00000D
___awmod@dividend                 cstackCOMRAM 000009
___awmod@divisor                  cstackCOMRAM 00000B
___awmod@sign                     cstackCOMRAM 00000E
___fladd                          text6        001070
___fladd@a                        cstackCOMRAM 000034
___fladd@aexp                     cstackCOMRAM 00003D
___fladd@b                        cstackCOMRAM 000030
___fladd@bexp                     cstackCOMRAM 00003E
___fladd@grs                      cstackCOMRAM 00003F
___fladd@signs                    cstackCOMRAM 00003C
___fldiv                          text5        001530
___fldiv@a                        cstackCOMRAM 00001B
___fldiv@aexp                     cstackCOMRAM 00002F
___fldiv@b                        cstackCOMRAM 000017
___fldiv@bexp                     cstackCOMRAM 00002E
___fldiv@grs                      cstackCOMRAM 00002A
___fldiv@new_exp                  cstackCOMRAM 000028
___fldiv@rem                      cstackCOMRAM 000023
___fldiv@sign                     cstackCOMRAM 000027
___fltol                          text4        001C72
___fltol@exp1                     cstackCOMRAM 000012
___fltol@f1                       cstackCOMRAM 000009
___fltol@sign1                    cstackCOMRAM 000011
___heap_hi                        (abs)        000000
___heap_lo                        (abs)        000000
___inthi_sp                       stack        000000
___intlo_sp                       stack        000000
___lldiv                          text19       001FAE
___lldiv@counter                  cstackCOMRAM 000015
___lldiv@dividend                 cstackCOMRAM 000009
___lldiv@divisor                  cstackCOMRAM 00000D
___lldiv@quotient                 cstackCOMRAM 000011
___llmod                          text18       002224
___llmod@counter                  cstackCOMRAM 000011
___llmod@dividend                 cstackCOMRAM 000009
___llmod@divisor                  cstackCOMRAM 00000D
___lmul                           text28       002318
___lmul@multiplicand              cstackCOMRAM 00000D
___lmul@multiplier                cstackCOMRAM 000009
___lmul@product                   cstackCOMRAM 000011
___param_bank                     (abs)        000000
___rparam_used                    (abs)        000001
___sp                             stack        000000
___wmul                           text17       002754
___wmul@multiplicand              cstackCOMRAM 00000B
___wmul@multiplier                cstackCOMRAM 000009
___wmul@product                   cstackCOMRAM 00000D
___xxtofl                         text3        001ABE
___xxtofl@arg                     cstackCOMRAM 000013
___xxtofl@exp                     cstackCOMRAM 000012
___xxtofl@sign                    cstackCOMRAM 000011
___xxtofl@val                     cstackCOMRAM 000009
__accesstop                       (abs)        000060
__activetblptr                    (abs)        000002
__end_of___awdiv                  text37       001E3C
__end_of___awmod                  text36       001FAE
__end_of___fladd                  text6        001530
__end_of___fldiv                  text5        0018CA
__end_of___fltol                  text4        001D78
__end_of___lldiv                  text19       002052
__end_of___llmod                  text18       0022AC
__end_of___lmul                   text28       002382
__end_of___wmul                   text17       00277A
__end_of___xxtofl                 text3        001C72
__end_of__initialization          cinit        0023DC
__end_of_app_loop                 text12       002852
__end_of_app_setup                text1        00267E
__end_of_blink_no_block           text25       002190
__end_of_display_set_number       text41       00244E
__end_of_display_set_score        text35       00254A
__end_of_external_interrupt_setup text11       0027EE
__end_of_game_2                   text13       001ABE
__end_of_game_led                 smallconst   000805
__end_of_game_over                text29       001EFE
__end_of_get_tick                 text26       002824
__end_of_gpios_setup              text9        0026B0
__end_of_hw_setup                 text8        002798
__end_of_isr                      intcode_body 0020F2
__end_of_main                     text0        002830
__end_of_rand                     text27       002318
__end_of_read_btn_4               text21       0027AE
__end_of_reset_tick               text24       002812
__end_of_set_default_variables    text34       002708
__end_of_stanby                   text23       0026E0
__end_of_strlen                   text16       002598
__end_of_temp_delay               text20       0024F8
__end_of_timer_setup              text7        002614
__end_of_true_random_init         text10       00272E
__end_of_update_display           text40       00264C
__end_of_usart_init               text2        002224
__end_of_usart_write_byte         text33       0027DA
__end_of_user_press_button        text22       00283C
__end_of_xfputc                   text32       0024A6
__end_of_xfputs                   text31       0025DA
__end_of_xprintf                  text14       002754
__end_of_xputs                    text30       0027C4
__end_of_xvfprintf                text15       001070
__end_ofi2_user_press_button      text39       002848
__initialization                  cinit        002382
__mediumconst                     mediumconst  000000
__pbssBANK0                       bssBANK0     0000AF
__pbssCOMRAM                      bssCOMRAM    000040
__pcinit                          cinit        002382
__pcstackBANK0                    cstackBANK0  000060
__pcstackCOMRAM                   cstackCOMRAM 000001
__pdataBANK0                      dataBANK0    00009D
__pdataCOMRAM                     dataCOMRAM   00004D
__pidataBANK0                     idataBANK0   0027EE
__pidataCOMRAM                    idataCOMRAM  002852
__pintcode                        intcode      000008
__pintcode_body                   intcode_body 002052
__pnvBANK0                        nvBANK0      0000B5
__pnvCOMRAM                       nvCOMRAM     000055
__psmallconst                     smallconst   000800
__ptext0                          text0        002824
__ptext1                          text1        00264C
__ptext10                         text10       002708
__ptext11                         text11       0027DA
__ptext12                         text12       002848
__ptext13                         text13       0018CA
__ptext14                         text14       00272E
__ptext15                         text15       0008A0
__ptext16                         text16       00254A
__ptext17                         text17       002754
__ptext18                         text18       002224
__ptext19                         text19       001FAE
__ptext2                          text2        002190
__ptext20                         text20       0024A6
__ptext21                         text21       002798
__ptext22                         text22       002830
__ptext23                         text23       0026B0
__ptext24                         text24       002800
__ptext25                         text25       0020F2
__ptext26                         text26       002812
__ptext27                         text27       0022AC
__ptext28                         text28       002318
__ptext29                         text29       001E3C
__ptext3                          text3        001ABE
__ptext30                         text30       0027AE
__ptext31                         text31       002598
__ptext32                         text32       00244E
__ptext33                         text33       0027C4
__ptext34                         text34       0026E0
__ptext35                         text35       0024F8
__ptext36                         text36       001EFE
__ptext37                         text37       001D78
__ptext39                         text39       00283C
__ptext4                          text4        001C72
__ptext40                         text40       002614
__ptext41                         text41       0023EA
__ptext42                         text42       000000
__ptext5                          text5        001530
__ptext6                          text6        001070
__ptext7                          text7        0025DA
__ptext8                          text8        00277A
__ptext9                          text9        00267E
__ramtop                          ramtop       000800
__smallconst                      smallconst   000800
_app_loop                         text12       002848
_app_setup                        text1        00264C
_bcd_data                         bssCOMRAM    000046
_blink_no_block                   text25       0020F2
_display_numbers                  dataBANK0    00009D
_display_set_number               text41       0023EA
_display_set_score                text35       0024F8
_external_interrupt_setup         text11       0027DA
_game                             dataCOMRAM   00004D
_game_2                           text13       0018CA
_game_config                      dataBANK0    0000A7
_game_led                         smallconst   000801
_game_over                        text29       001E3C
_get_tick                         text26       002812
_gpios_setup                      text9        00267E
_hw_setup                         text8        00277A
_isr                              intcode      000008
_main                             text0        002824
_rand                             text27       0022AC
_read_btn_4                       text21       002798
_reset_tick                       text24       002800
_seed                             bssCOMRAM    000049
_set_default_variables            text34       0026E0
_stanby                           text23       0026B0
_strlen                           text16       00254A
_strptr                           bssCOMRAM    000044
_temp_delay                       text20       0024A6
_temp_score                       bssBANK0     0000B3
_tick                             bssCOMRAM    000040
_timer_setup                      text7        0025DA
_true_random_init                 text10       002708
_update_display                   text40       002614
_usart_init                       text2        002190
_usart_read_byte_pol              (abs)        000000
_usart_write_byte                 text33       0027C4
_user_press_button                text22       002830
_xfputc                           text32       00244E
_xfputs                           text31       002598
_xfunc_input                      nvBANK0      0000B5
_xfunc_output                     nvCOMRAM     000055
_xprintf                          text14       00272E
_xputs                            text30       0027AE
_xvfprintf                        text15       0008A0
_xvfprintf$888                    cstackBANK0  000080
blink_no_block@blink_time_ms      cstackCOMRAM 00000D
blink_no_block@current_time       cstackCOMRAM 000015
blink_no_block@previus_time       bssBANK0     0000AF
btemp                             temp         000057
display_set_number@display        cstackCOMRAM 000003
display_set_number@number         cstackCOMRAM 000001
display_set_score@i               cstackCOMRAM 000012
display_set_score@score           cstackCOMRAM 000011
end_of_initialization             cinit        0023DC
game_2@current_time               cstackCOMRAM 00002C
game_2@random_led                 cstackCOMRAM 000030
game_over@i                       cstackCOMRAM 000015
i2_user_press_button              text39       00283C
i2user_press_button@button        cstackCOMRAM 000001
int$flags                         temp         000057
int_func                          intcode_body 002052
intlevel0                         text         000000
intlevel1                         text         000000
intlevel2                         text         000000
intlevel3                         text         000000
isa$std                           (abs)        000001
isa$xinst                         (abs)        000000
stackhi                           (abs)        000000
stacklo                           (abs)        000000
start                             init         00000E
start_initialization              cinit        002382
strlen@a                          cstackCOMRAM 00000B
strlen@s                          cstackCOMRAM 000009
temp_delay@delay                  cstackCOMRAM 00000A
temp_delay@i                      cstackCOMRAM 00000F
ttemp5                            temp         000058
ttemp6                            temp         00005B
ttemp7                            temp         00005F
update_display@display            bssCOMRAM    000048
usart_init@baud_rate              cstackBANK0  000060
usart_init@temp                   cstackBANK0  000064
usart_write_byte@byte             cstackCOMRAM 000009
user_press_button@button          cstackCOMRAM 000009
wtemp8                            temp         000058
xfputc@chr                        cstackCOMRAM 00000C
xfputc@func                       cstackCOMRAM 00000A
xfputs@func                       cstackCOMRAM 00000E
xfputs@str                        cstackCOMRAM 000010
xprintf@arp                       cstackCOMRAM 000026
xprintf@fmt                       cstackCOMRAM 000020
xputs@str                         cstackCOMRAM 000012
xvfprintf@arp                     cstackCOMRAM 00001A
xvfprintf@c                       cstackBANK0  00009C
xvfprintf@d                       cstackBANK0  000082
xvfprintf@f                       cstackBANK0  000092
xvfprintf@fmt                     cstackCOMRAM 000018
xvfprintf@func                    cstackCOMRAM 000016
xvfprintf@i                       cstackBANK0  00009A
xvfprintf@j                       cstackBANK0  000098
xvfprintf@n                       cstackBANK0  00008A
xvfprintf@p                       cstackBANK0  000090
xvfprintf@pad                     cstackBANK0  000083
xvfprintf@prec                    cstackBANK0  000096
xvfprintf@r                       cstackBANK0  000084
xvfprintf@str                     cstackBANK0  000060
xvfprintf@uv                      cstackBANK0  000086
xvfprintf@v                       cstackBANK0  00008C
xvfprintf@w                       cstackBANK0  000094


MODULE INFORMATION

Module		Function		Class		Link	Load	Size
/opt/microchip/xc8/v2.41/pic/sources/c99/common/Umul16.c
		___wmul        		CODE           	2754	0000	38

/opt/microchip/xc8/v2.41/pic/sources/c99/common/Umul16.c estimated size: 38

/opt/microchip/xc8/v2.41/pic/sources/c99/common/awmod.c
		___awmod       		CODE           	1EFE	0000	176

/opt/microchip/xc8/v2.41/pic/sources/c99/common/awmod.c estimated size: 176

lib/timer/Src/timer.c
		_timer_setup   		CODE           	25DA	0000	58
		_reset_tick    		CODE           	2800	0000	18
		_get_tick      		CODE           	2812	0000	18

lib/timer/Src/timer.c estimated size: 94

/opt/microchip/xc8/v2.41/pic/sources/c99/common/rand.c
		_rand          		CODE           	22AC	0000	108

/opt/microchip/xc8/v2.41/pic/sources/c99/common/rand.c estimated size: 108

/opt/microchip/xc8/v2.41/pic/sources/c99/common/__lldiv.c
		___lldiv       		CODE           	1FAE	0000	164

/opt/microchip/xc8/v2.41/pic/sources/c99/common/__lldiv.c estimated size: 164

/opt/microchip/xc8/v2.41/pic/sources/c99/common/sprcdiv.c
		___fldiv       		CODE           	1530	0000	922

/opt/microchip/xc8/v2.41/pic/sources/c99/common/sprcdiv.c estimated size: 922

/opt/microchip/xc8/v2.41/pic/sources/c99/common/llmod.c
		___llmod       		CODE           	2224	0000	136

/opt/microchip/xc8/v2.41/pic/sources/c99/common/llmod.c estimated size: 136

lib/xprintf/src/xprintf.c
		_xvfprintf     		CODE           	08A0	0000	2000
		_xfputc        		CODE           	244E	0000	88
		_xputs         		CODE           	27AE	0000	22
		_xprintf       		CODE           	272E	0000	38
		_xfputs        		CODE           	2598	0000	66

lib/xprintf/src/xprintf.c estimated size: 2214

/opt/microchip/xc8/v2.41/pic/sources/c99/common/fltol.c
		___fltol       		CODE           	1C72	0000	262

/opt/microchip/xc8/v2.41/pic/sources/c99/common/fltol.c estimated size: 262

/opt/microchip/xc8/v2.41/pic/sources/c99/common/Umul32.c
		___lmul        		CODE           	2318	0000	106

/opt/microchip/xc8/v2.41/pic/sources/c99/common/Umul32.c estimated size: 106

lib/display/Src/display.c
		_display_set_score		CODE           	24F8	0000	82
		_update_display		CODE           	2614	0000	56
		_display_set_number		CODE           	23EA	0000	100

lib/display/Src/display.c estimated size: 238

lib/app/Src/app.c
		_temp_delay    		CODE           	24A6	0000	82
		_read_btn_4    		CODE           	2798	0000	22
		_set_default_variables		CODE           	26E0	0000	40
		_game_2        		CODE           	18CA	0000	500
		_game_over     		CODE           	1E3C	0000	194
		_blink_no_block		CODE           	20F2	0000	158
		_app_loop      		CODE           	2848	0000	10
		_user_press_button		CODE           	2830	0000	12
		_app_setup     		CODE           	264C	0000	50
		_stanby        		CODE           	26B0	0000	48

lib/app/Src/app.c estimated size: 1116

lib/usart/Src/usart.c
		_usart_write_byte		CODE           	27C4	0000	22
		_usart_init    		CODE           	2190	0000	148

lib/usart/Src/usart.c estimated size: 170

/opt/microchip/xc8/v2.41/pic/sources/c99/common/awdiv.c
		___awdiv       		CODE           	1D78	0000	196

/opt/microchip/xc8/v2.41/pic/sources/c99/common/awdiv.c estimated size: 196

/opt/microchip/xc8/v2.41/pic/sources/c99/common/sprcadd.c
		___fladd       		CODE           	1070	0000	1216

/opt/microchip/xc8/v2.41/pic/sources/c99/common/sprcadd.c estimated size: 1216

shared
		i2_user_press_button		CODE           	283C	0000	12
		__initialization		CODE           	2382	0000	90
		_game_led      		SMALLCONST     	0801	0000	4

shared estimated size: 106

/opt/microchip/xc8/v2.41/pic/sources/c99/common/xxtofl.c
		___xxtofl      		CODE           	1ABE	0000	436

/opt/microchip/xc8/v2.41/pic/sources/c99/common/xxtofl.c estimated size: 436

/opt/microchip/xc8/v2.41/pic/sources/c99/common/strlen.c
		_strlen        		CODE           	254A	0000	78

/opt/microchip/xc8/v2.41/pic/sources/c99/common/strlen.c estimated size: 78

lib/hardware/Src/hardware.c
		_gpios_setup   		CODE           	267E	0000	50
		_external_interrupt_setup		CODE           	27DA	0000	20
		_hw_setup      		CODE           	277A	0000	30
		_isr           		CODE           	0008	0000	166
		_true_random_init		CODE           	2708	0000	38

lib/hardware/Src/hardware.c estimated size: 304

main.c
		_main          		CODE           	2824	0000	12

main.c estimated size: 12

